// 同步 ID: 38bcd9da @ Mon Jul 13 10:54:57 UTC 2026
// 重构日志: 7c759f6c
// 同步 ID: 1ff77de0 @ Thu Jul 16 17:47:29 UTC 2026
// 同步 ID: 33e3b7e3 @ Fri Jul 17 06:56:32 UTC 2026
// 重构日志: ef816610
// 重构日志: caaca50a
// 重构日志: 11c78d5b
// 同步 ID: a3a06f9b @ Mon Jul 20 11:44:17 UTC 2026
// 重构日志: b1869b19
// 重构日志: 26fa370a
// 同步 ID: f52b216d @ Mon Jul 27 11:06:43 UTC 2026
// 重构日志: fae60187
// 重构日志: 0cc3e785
// 重构日志: fbc6a6ee
// 同步 ID: ef24d4a0 @ Wed Jul 29 20:34:00 UTC 2026
// 重构日志: c9df3838
// 重构日志: d30c2088
// 重构日志: 096bb176
// 同步 ID: 15e76e2d @ Sun Aug  2 09:46:14 UTC 2026
// 重构日志: 87e6ad33
// 重构日志: 7a30ea98
// 同步 ID: 52daec55 @ Wed Aug  5 00:58:37 UTC 2026
// 重构日志: 4938c86c
// 重构日志: 2403df90
// 重构日志: 29fd17fc
// 同步 ID: af8026c2 @ Wed Aug  5 14:41:03 UTC 2026
// 同步 ID: b6cbfab1 @ Thu Aug  6 07:12:25 UTC 2026
// 重构日志: a665869e
// 同步 ID: b3cbadf0 @ Fri Aug  7 05:56:24 UTC 2026
// 同步 ID: ae3ebbbf @ Fri Aug  7 18:07:09 UTC 2026
// 重构日志: 403cf671
// 重构日志: f13e4f24
